
 Start  Stop   Length Name               Class

 00000H 0A419H 0A41AH _TEXT              CODE
 0A41AH 120BCH 07CA3H MOUTON_TEXT        CODE
 120C0H 1267FH 005C0H E87_PROG           CODE
 12680H 133A9H 00D2AH _TEXTC             CODE
 133B0H 133B0H 00000H _FARDATA           FAR_DATA
 133B0H 1823AH 04E8BH MOUTON_DATA        FAR_DATA
 18240H 1908CH 00E4DH MOUTON5_DATA       FAR_DATA
 19090H 1909BH 0000CH STRINGS5_DATA      FAR_DATA
 190A0H 190A0H 00000H _FARBSS            FAR_BSS
 190A0H 190A0H 00000H _OVERLAY_          OVRINFO
 190A0H 190A0H 00000H _1STUB_            STUBSEG
 190A0H 19D87H 00CE8H _DATA              DATA
 19D88H 19D8BH 00004H _CVTSEG            DATA
 19D8CH 19D97H 0000CH _SCNSEG            DATA
 19D98H 19D98H 00000H _CONST             CONST
 19D98H 19DC7H 00030H _INIT_             INITDATA
 19DC8H 19DC8H 00000H _INITEND_          INITDATA
 19DC8H 19DD3H 0000CH _EXIT_             EXITDATA
 19DD4H 19DD4H 00000H _EXITEND_          EXITDATA
 19DE0H 19F10H 00131H _STACK             STACK

Program entry point at 0000:0000

